Component: ARM Compiler 6.14 Tool: armlink [5db06800]

==============================================================================

Section Cross References

    lab1index.o(RESET) refers to lab1index.o(MYCODE) for Reset_Handler


==============================================================================

Image Symbol Table

    Local Symbols

    Symbol Name                              Value     Ov Type        Size  Object(Section)

    lab1index.s                              0x00000000   Number         0  lab1index.o ABSOLUTE
    RESET                                    0x08000000   Section        8  lab1index.o(RESET)
    MYCODE                                   0x08000008   Section       40  lab1index.o(MYCODE)

    Global Symbols

    Symbol Name                              Value     Ov Type        Size  Object(Section)

    BuildAttributes$$THM_ISAv4$P$D$K$B$S$A:L22UL41UL21$X:L11$S22US41US21$IEEE1$~IW$USESV6$~STKCKD$USESV7$~SHL$OSPACE$EBA8$STANDARDLIB$PRES8$EABIv2 0x00000000   Number         0  anon$$obj.o ABSOLUTE
    __Vectors                                0x08000000   Data           4  lab1index.o(RESET)
    Reset_Handler                            0x08000009   Thumb Code     0  lab1index.o(MYCODE)



==============================================================================

Memory Map of the image

  Image Entry point : 0x08000009

  Load Region LR_1 (Base: 0x08000000, Size: 0x00000030, Max: 0xffffffff, ABSOLUTE)

    Execution Region ER_RO (Exec base: 0x08000000, Load base: 0x08000000, Size: 0x00000030, Max: 0xffffffff, ABSOLUTE)

    Exec Addr    Load Addr    Size         Type   Attr      Idx    E Section Name        Object

    0x08000000   0x08000000   0x00000008   Data   RO            1    RESET               lab1index.o
    0x08000008   0x08000008   0x00000028   Code   RO            2  * MYCODE              lab1index.o


    Execution Region ER_RW (Exec base: 0x20000000, Load base: 0x08000030, Size: 0x00000000, Max: 0xffffffff, ABSOLUTE)

    **** No section assigned to this execution region ****


    Execution Region ER_ZI (Exec base: 0x20000000, Load base: 0x08000030, Size: 0x00000000, Max: 0xffffffff, ABSOLUTE)

    **** No section assigned to this execution region ****


==============================================================================

Image component sizes


      Code (inc. data)   RO Data    RW Data    ZI Data      Debug   Object Name

        40          0          8          0          0        220   lab1index.o

    ----------------------------------------------------------------------
        40          0          8          0          0        220   Object Totals
         0          0          0          0          0          0   (incl. Generated)
         0          0          0          0          0          0   (incl. Padding)

    ----------------------------------------------------------------------
         0          0          0          0          0          0   Library Totals
         0          0          0          0          0          0   (incl. Padding)

    ----------------------------------------------------------------------

==============================================================================


      Code (inc. data)   RO Data    RW Data    ZI Data      Debug   

        40          0          8          0          0        220   Grand Totals
        40          0          8          0          0        220   ELF Image Totals
        40          0          8          0          0          0   ROM Totals

==============================================================================

    Total RO  Size (Code + RO Data)                   48 (   0.05kB)
    Total RW  Size (RW Data + ZI Data)                 0 (   0.00kB)
    Total ROM Size (Code + RO Data + RW Data)         48 (   0.05kB)

==============================================================================

