Component: ARM Compiler 6.14 Tool: armlink [5db06800]

==============================================================================

Section Cross References

    proj.o(RESET) refers to proj.o(MYCODE) for Reset_Handler


==============================================================================

Image Symbol Table

    Local Symbols

    Symbol Name                              Value     Ov Type        Size  Object(Section)

    Proj.s                                   0x00000000   Number         0  proj.o ABSOLUTE
    RESET                                    0x08000000   Section        8  proj.o(RESET)
    MYCODE                                   0x08000008   Section     1244  proj.o(MYCODE)
    StandBy                                  0x08000031   Thumb Code   160  proj.o(MYCODE)
    NormalGameplay                           0x080000d1   Thumb Code   366  proj.o(MYCODE)
    Winner                                   0x08000241   Thumb Code   116  proj.o(MYCODE)
    Loser                                    0x080002b5   Thumb Code   162  proj.o(MYCODE)
    SetGPIOODRLDR                            0x08000359   Thumb Code    14  proj.o(MYCODE)
    GetButtonPressed                         0x08000369   Thumb Code    22  proj.o(MYCODE)
    SetLEDS                                  0x08000381   Thumb Code    80  proj.o(MYCODE)
    SetLED1                                  0x080003d1   Thumb Code     8  proj.o(MYCODE)
    SetLED2                                  0x080003d9   Thumb Code     8  proj.o(MYCODE)
    SetLED3                                  0x080003e1   Thumb Code     8  proj.o(MYCODE)
    SetLED4                                  0x080003e9   Thumb Code     8  proj.o(MYCODE)
    UnsetLED1                                0x080003f1   Thumb Code    12  proj.o(MYCODE)
    UnsetLED2                                0x080003fd   Thumb Code    12  proj.o(MYCODE)
    UnsetLED3                                0x08000409   Thumb Code    12  proj.o(MYCODE)
    UnsetLED4                                0x08000415   Thumb Code    12  proj.o(MYCODE)
    LEDOFF                                   0x08000421   Thumb Code    14  proj.o(MYCODE)
    ConfigClock                              0x08000431   Thumb Code    16  proj.o(MYCODE)
    ConfigGPIO                               0x08000441   Thumb Code    60  proj.o(MYCODE)
    counter                                  0x0800047d   Thumb Code     8  proj.o(MYCODE)
    timer                                    0x08000485   Thumb Code    18  proj.o(MYCODE)
    randomNumber                             0x08000499   Thumb Code    24  proj.o(MYCODE)

    Global Symbols

    Symbol Name                              Value     Ov Type        Size  Object(Section)

    BuildAttributes$$THM_ISAv4$P$D$K$B$S$A:L22UL41UL21$X:L11$S22US41US21$IEEE1$~IW$USESV6$~STKCKD$USESV7$~SHL$OSPACE$EBA8$STANDARDLIB$PRES8$EABIv2 0x00000000   Number         0  anon$$obj.o ABSOLUTE
    __Vectors                                0x08000000   Data           4  proj.o(RESET)
    Reset_Handler                            0x08000009   Thumb Code    38  proj.o(MYCODE)



==============================================================================

Memory Map of the image

  Image Entry point : 0x08000009

  Load Region LR_1 (Base: 0x08000000, Size: 0x000004e4, Max: 0xffffffff, ABSOLUTE)

    Execution Region ER_RO (Exec base: 0x08000000, Load base: 0x08000000, Size: 0x000004e4, Max: 0xffffffff, ABSOLUTE)

    Exec Addr    Load Addr    Size         Type   Attr      Idx    E Section Name        Object

    0x08000000   0x08000000   0x00000008   Data   RO            1    RESET               proj.o
    0x08000008   0x08000008   0x000004dc   Code   RO            2  * MYCODE              proj.o


    Execution Region ER_RW (Exec base: 0x20000000, Load base: 0x080004e4, Size: 0x00000000, Max: 0xffffffff, ABSOLUTE)

    **** No section assigned to this execution region ****


    Execution Region ER_ZI (Exec base: 0x20000000, Load base: 0x080004e4, Size: 0x00000000, Max: 0xffffffff, ABSOLUTE)

    **** No section assigned to this execution region ****


==============================================================================

Image component sizes


      Code (inc. data)   RO Data    RW Data    ZI Data      Debug   Object Name

      1244         66          8          0          0       1548   proj.o

    ----------------------------------------------------------------------
      1244         66          8          0          0       1548   Object Totals
         0          0          0          0          0          0   (incl. Generated)
         0          0          0          0          0          0   (incl. Padding)

    ----------------------------------------------------------------------
         0          0          0          0          0          0   Library Totals
         0          0          0          0          0          0   (incl. Padding)

    ----------------------------------------------------------------------

==============================================================================


      Code (inc. data)   RO Data    RW Data    ZI Data      Debug   

      1244         66          8          0          0       1548   Grand Totals
      1244         66          8          0          0       1548   ELF Image Totals
      1244         66          8          0          0          0   ROM Totals

==============================================================================

    Total RO  Size (Code + RO Data)                 1252 (   1.22kB)
    Total RW  Size (RW Data + ZI Data)                 0 (   0.00kB)
    Total ROM Size (Code + RO Data + RW Data)       1252 (   1.22kB)

==============================================================================

